
> schoolx@1.0.0 test
> jest --runInBand --forceExit src/__tests__/register-validation.test.tsx --verbose

FAIL src/__tests__/register-validation.test.tsx
  RegisterPage – step 1 (School Info)
    ✓ renders the step 1 progress indicator on initial load (76 ms)
    ✓ shows an error when school name is empty (107 ms)
    ✓ shows an error when school name has fewer than 3 characters (37 ms)
    ✓ clears the error message when the user starts typing after an error (29 ms)
    ✓ advances to step 2 with a valid school name (56 ms)
  RegisterPage – step 2 (Location)
    ✓ shows step 2 fields after advancing from step 1 (51 ms)
    ✓ shows an error when district is not selected (52 ms)
    ✓ shows an error when sub-county is empty (79 ms)
    ✓ back button returns to step 1 and preserves the school name (66 ms)
    ✓ advances to step 3 with valid district and sub-county (82 ms)
  RegisterPage – step 3 (Account Setup)
    ✓ shows step 3 fields after advancing from step 2 (68 ms)
    ✕ shows an error when admin name is missing (95 ms)
    ✕ shows an error when admin name is too short (106 ms)
    ✕ shows an error when admin phone is missing (178 ms)
    ✓ shows an error when password is fewer than 8 characters (151 ms)
    ✓ shows an error when passwords do not match (93 ms)
    ✓ back button returns to step 2 (145 ms)
  RegisterPage – sign-in link
    ✓ shows a link to the login page (12 ms)

  ● RegisterPage – step 3 (Account Setup) › shows an error when admin name is missing

    TestingLibraryElementError: Unable to find an element with the text: /admin name is required/i. This could be because the text is broken up by multiple elements. In this case, you can provide a function for your text matcher to make your matcher more flexible.

    Ignored nodes: comments, script, style
    [36m<body>[39m
      [36m<div>[39m
        [36m<div[39m
          [33mclass[39m=[32m"min-h-screen bg-[var(--bg)] flex flex-col justify-center relative overflow-hidden"[39m
        [36m>[39m
          [36m<div[39m
            [33mclass[39m=[32m"absolute top-[-10%] right-[-10%] w-[40%] h-[40%] bg-[var(--navy-soft)] blur-[120px] rounded-full opacity-50"[39m
          [36m/>[39m
          [36m<div[39m
            [33mclass[39m=[32m"absolute bottom-[-10%] left-[-10%] w-[40%] h-[40%] bg-[var(--green-soft)] blur-[120px] rounded-full opacity-30"[39m
          [36m/>[39m
          [36m<div[39m
            [33mclass[39m=[32m"relative z-10 w-full max-w-lg mx-auto px-4"[39m
          [36m>[39m
            [36m<div[39m
              [33mclass[39m=[32m"mb-4"[39m
            [36m>[39m
              [36m<a[39m
                [33mclass[39m=[32m"inline-flex items-center gap-1.5 text-sm font-medium text-[var(--t3)] hover:text-[var(--primary)] transition-colors"[39m
                [33mhref[39m=[32m"/"[39m
              [36m>[39m
                [36m<span[39m
                  [33maria-hidden[39m=[32m"true"[39m
                  [33mclass[39m=[32m"material-symbols-outlined text-[16px]"[39m
                  [33mstyle[39m=[32m"font-size: 18px; line-height: 1;"[39m
                [36m>[39m
                  [0marrow_back[0m
                [36m</span>[39m
                [0mBack to home[0m
              [36m</a>[39m
            [36m</div>[39m
            [36m<div[39m
              [33mclass[39m=[32m"mb-8"[39m
            [36m>[39m
              [36m<div[39m
                [33mclass[39m=[32m"mb-4"[39m
              [36m>[39m
                [36m<div[39m
                  [33mclass[39m=[32m"inline-flex items-center gap-2 rounded-full border border-[var(--navy)]/10 bg-[var(--navy-soft)] px-4 py-1.5 text-[10px] font-bold uppercase tracking-widest text-[var(--navy)]"[39m
                [36m>[39m
                  [36m<span[39m
                    [33maria-hidden[39m=[32m"true"[39m
                    [33mclass[39m=[32m"material-symbols-outlined text-sm"[39m
                    [33mstyle[39m=[32m"font-size: 18px; line-height: 1;"[39m
                  [36m>[39m
                    [0mschool[0m
                  [36m</span>[39m
                  [0mRegister your school[0m
                [36m</div>[39m
              [36m</div>[39m
              [36m<h1[39m
                [33mclass[39m=[32m"font-['Sora'] text-[30px] font-semibold tracking-[-0.03em] text-[#102341] mb-3"[39m
              [36m>[39m
                [0mStart your school account[0m
              [36m</h1>[39m
              [36m<p[39m
                [33mclass[39m=[32m"text-[15px] leading-6 text-[#53657f] mb-4"[39m
              [36m>[39m
                [0mJoin Uganda's leading school operating system[0m
              [36m</p>[39m
              [36m<p[39m
                [33mclass[39m=[32m"text-sm text-[var(--t3)]"[39m
              [36m>[39m
                [0mAlready have an account?[0m
                [0m [0m
                [36m<a[39m
                  [33mclass[39m=[32m"font-semibold text-[var(--primary)] hover:text-[var(--green)] transition-colors"[39m
                  [33mhref[39m=[32m"/login"[39m
                [36m>[39m
                  [0mSign in[0m
                [36m</a>[39m
              [36m</p>[39m
              [36m<div[39m
                [33mclass[39m=[32m"mt-4"[39m
              [36m>[39m
                [36m<button[39m
                  [33mclass[39m=[32m"font-semibold rounded-xl transition-all duration-200 inline-flex items-center justify-center gap-2 bg-[var(--surface-container)] text-[var(--on-surface)] hover:opacity-80 px-4 py-3 text-sm  w-full"[39m
                  [33mtype[39m=[32m"button"[39m
                [36m>[39m
                  [36m<span[39m
                    [33maria-hidden[39m=[32m"true"[39m
                    [33mclass[39m=[32m"material-symbols-outlined text-lg"[39m
                    [33mstyle[39m=[32m"font-size: 18px; line-height: 1;"[39m
                  [36m>[39m
                    [0maccount_circle[0m
                  [36m</span>[39m
                  [0mContinue with Google[0m
                [36m</button>[39m
              [36m</div>[39m
            [36m</div>[39m
            [36m<div[39m
              [33mclass[39m=[32m"mb-6"[39m
            [36m>[39m
              [36m<div[39m
                [33maria-label[39m=[32m"Registration progress"[39m
                [33mclass[39m=[32m"flex gap-2"[39m
                [33mrole[39m=[32m"navigation"[39m
              [36m>[39m
                [36m<div[39m
                  [33mclass[39m=[32m"h-1.5 flex-1 rounded-full transition-all duration-500 bg-[var(--primary)] shadow-[0_0_12px_rgba(23,50,95,0.4)]"[39m
                [36m/>[39m
                [36m<div[39m
                  [33mclass[39m=[32m"h-1.5 flex-1 rounded-full transition-all duration-500 bg-[var(--primary)] shadow-[0_0_12px_rgba(23,50,95,0.4)]"[39m
                [36m/>[39m
                [36m<div[39m
                  [33mclass[39m=[32m"h-1.5 flex-1 rounded-full transition-all duration-500 bg-[var(--primary)] shadow-[0_0_12px_rgba(23,50,95,0.4)]"[39m
                [36m/>[39m
              [36m</div>[39m
              [36m<p[39m
                [33mclass[39m=[32m"mt-4 text-center text-[10px] font-bold uppercase tracking-widest text-[var(--t3)]"[39m
              [36m>[39m
                [0mStep 3 of 3 — Admin Account[0m
              [36m</p>[39m
            [36m</div>[39m
            [36m<div[39m
              [33mclass[39m=[32m"card-premium p-8 md:p-10 shadow-[0_32px_64px_rgba(15,23,42,0.1)]"[39m
            [36m>[39m
              [36m<form>[39m
                [36m<div[39m
                  [33mclass[39m=[32m"space-y-5"[39m
                [36m>[39m
                  [36m<div[39m
                    [33mstyle[39m=[32m"margin-bottom: 16px;"[39m
                  [36m>[39m
                    [36m<label[39m
                      [33mfor[39m=[32m":r2v:"[39m
                      [33mstyle[39m=[32m"display: block; font-size: 14px; font-weight: 500; color: var(--red); margin-bottom: 6px;"[39m
                    [36m>[39m
                      [0mYour Full Name[0m
                      [36m<span[39m
                        [33mstyle[39m=[32m"color: var(--red); margin-left: 4px;"[39m
                      [36m>[39m
                        [0m*[0m
                      [36m</span>[39m
                    [36m</label>[39m
                    [36m<input[39m
                      [33mautocomplete[39m=[32m"name"[39m
                      [33mid[39m=[32m":r2v:"[39m
                      [33mplaceholder[39m=[32m"e.g. John Mukasa"[39m
                      [33mrequired[39m=[32m""[39m
                      [33mstyle[39m=[32m"width: 100%; padding: 10px 12px; border: 1px solid var(--red); border-radius: 8px; font-size: 14px; color: var(--t1); background: var(--surface); outline: none; transition: border-color 0.15s; min-height: 44px;"[39m
                      [33mtype[39m=[32m"text"[39m
                      [33mvalue[39m=[32m""[39m
                    [36m/>[39m
                    [36m<p[39m
                      [33mstyle[39m=[32m"margin-top: 4px; font-size: 12px; color: var(--red); display: flex; align-items: center; gap: 4px;"[39m
                    [36m>[39m
                      [36m<span[39m
                        [33mclass[39m=[32m"material-symbols-outlined"[39m
                        [33mstyle[39m=[32m"font-size: 14px;"[39m
                      [36m>[39m
                        [0merror[0m
                      [36m</span>[39m
                      [0mEnter a valid name (letters only)[0m
                    [36m</p>[39m
                  [36m</div>[39m
                  [36m<div[39m
                    [33mstyle[39m=[32m"margin-bottom: 16px;"[39m
                  [36m>[39m
                    [36m<label[39m
                      [33mfor[39m=[32m":r30:"[39m
                      [33mstyle[39m=[32m"display: block; font-size: 14px; font-weight: 500; color: var(--red); margin-bottom: 6px;"[39m
                    [36m>[39m
                      [0mYour Phone Number (Login ID)[0m
                      [36m<span[39m
                        [33mstyle[39m=[32m"color: var(--red); margin-left: 4px;"[39m
                      [36m>[39m
                        [0m*[0m
                      [36m</span>[39m
                    [36m</label>[39m
                    [36m<input[39m
                      [33mautocomplete[39m=[32m"tel"[39m
                      [33mid[39m=[32m":r30:"[39m
                      [33mplaceholder[39m=[32m"e.g. 0700000000"[39m
                      [33mrequired[39m=[32m""[39m
                      [33mstyle[39m=[32m"width: 100%; padding: 10px 12px; border: 1px solid var(--red); border-radius: 8px; font-size: 14px; color: var(--t1); background: var(--surface); outline: none; transition: border-color 0.15s; min-height: 44px;"[39m
                      [33mtype[39m=[32m"tel"[39m
                      [33mvalue[39m=[32m""[39m
                    [36m/>[39m
                    [36m<p[39m
                      [33mstyle[39m=[32m"margin-top: 4px; font-size: 12px; color: var(--red); display: flex; align-items: center; gap: 4px;"[39m
                    [36m>[39m
                      [36m<span[39m
                        [33mclass[39m=[32m"material-symbols-outlined"[39m
                        [33mstyle[39m=[32m"font-size: 14px;"[39m
                      [36m>[39m
                        [0merror[0m
                      [36m</span>[39m
                      [0mEnter a valid phone number[0m
                    [36m</p>[39m
                  [36m</div>[39m
                  [36m<div[39m
                    [33mstyle[39m=[32m"margin-bottom: 16px;"[39m
                  [36m>[39m
                    [36m<label[39m
                      [33mfor[39m=[32m":r31:"[39m
                      [33mstyle[39m=[32m"display: block; font-size: 14px; font-weight: 500; color: var(--red); margin-bottom: 6px;"[39m
                    [36m>[39m
                      [0mPassword[0m
                      [36m<span[39m
                        [33mstyle[39m=[32m"color: var(--red); margin-left: 4px;"[39m
                      [36m>[39m
                        [0m*[0m
                      [36m</span>[39m
                    [36m</label>[39m
                    [36m<input[39m
                      [33mautocomplete[39m=[32m"new-password"[39m
                      [33mid[39m=[32m":r31:"[39m
                      [33mminlength[39m=[32m"6"[39m
                      [33mplaceholder[39m=[32m"Min 8 characters"[39m
                      [33mrequired[39m=[32m""[39m
                      [33mstyle[39m=[32m"width: 100%; padding: 10px 12px; border: 1px solid var(--red); border-radius: 8px; font-size: 14px; color: var(--t1); background: var(--surface); outline: none; transition: border-color 0.15s; min-height: 44px;"[39m
                      [33mtype[39m=[32m"password"[39m
                      [33mvalue[39m=[32m""[39m
                    [36m/>[39m
                    [36m<p[39m
                      [33mstyle[39m=[32m"margin-top: 4px; font-size: 12px; color: var(--red); display: flex; align-items: center; gap: 4px;"[39m
                    [36m>[39m
                      [36m<span[39m
                        [33mclass[39m=[32m"material-symbols-outlined"[39m
                        [33mstyle[39m=[32m"font-size: 14px;"[39m
                      [36m>[39m
                        [0merror[0m
                      [36m</span>[39m
                      [0mpassword is required[0m
                    [36m</p>[39m
                  [36m</div>[39m
                  [36m<div[39m
                    [33mclass[39m=[32m"space-y-1"[39m
                  [36m>[39m
                    [36m<label[39m
                      [33mclass[39m=[32m"block text-sm font-medium text-[var(--on-surface)]"[39m
                      [33mfor[39m=[32m":r32:"[39m
                    [36m>[39m
                      [0mConfirm Password[0m
                    [36m</label>[39m
                    [36m<input[39m
                      [33mautocomplete[39m=[32m"new-password"[39m
                      [33mclass[39m=[32m"w-full px-4 py-3 rounded-xl border border-[var(--border)] bg-[var(--surface)] text-[var(--on-surface)] placeholder-[var(--t4)] focus:outline-none focus:ring-2 focus:ring-[var(--primary)]/20 focus:border-[var(--primary)] transition-colors    text-base"[39m
                      [33mid[39m=[32m":r32:"[39m
                      [33mplaceholder[39m=[32m"Enter password again"[39m
                      [33mrequired[39m=[32m""[39m
                      [33mtype[39m=[32m"password"[39m
                      [33mvalue[39m=[32m""[39m
                    [36m/>[39m
                  [36m</div>[39m
                  [36m<div[39m
                    [33mclass[39m=[32m"flex gap-3"[39m
                  [36m>[39m
                    [36m<button[39m
                      [33mclass[39m=[32m"font-semibold rounded-xl transition-all duration-200 inline-flex items-center justify-center gap-2 bg-[var(--surface-container)] text-[var(--on-surface)] hover:opacity-80 px-4 py-3 text-sm  flex-1"[39m
                      [33mtype[39m=[32m"button"[39m
                    [36m>[39m
                      [36m<span[39m
                        [33maria-hidden[39m=[32m"true"[39m
                        [33mclass[39m=[32m"material-symbols-outlined text-lg"[39m
                        [33mstyle[39m=[32m"font-size: 18px; line-height: 1;"[39m
                      [36m>[39m
                        [0marrow_back[0m
                      [36m</span>[39m
                      [0mBack[0m
                    [36m</button>[39m
                    [36m<button[39m
                      [33mclass[39m=[32m"font-semibold rounded-xl transition-all duration-200 inline-flex items-center justify-center gap-2 bg-[var(--primary)] text-[var(--on-primary)] hover:opacity-90 shadow-sm px-4 py-3 text-sm  flex-1"[39m
                      [33mtype[39m=[32m"submit"[39m
                    [36m>[39m
                      [36m<span[39m
                        [33maria-hidden[39m=[32m"true"[39m
                        [33mclass[39m=[32m"material-symbols-outlined text-lg"[39m
                        [33mstyle[39m=[32m"font-size: 18px; line-height: 1;"[39m
                      [36m>[39m
                        [0mcheck[0m
                      [36m</span>[39m
                      [0mFinish & Start Using[0m
                    [36m</button>[39m
                  [36m</div>[39m
                [36m</div>[39m
              [36m</form>[39m
            [36m</div>[39m
          [36m</div>[39m
        [36m</div>[39m
      [36m</div>[39m
    [36m</body>[39m

      162 |     submitStep3();
      163 |     expect(
    > 164 |       screen.getByText(/admin name is required/i),
          |              ^
      165 |     ).toBeInTheDocument();
      166 |   });
      167 |

      at Object.getElementError (node_modules/@testing-library/dom/dist/config.js:37:19)
      at node_modules/@testing-library/dom/dist/query-helpers.js:76:38
      at node_modules/@testing-library/dom/dist/query-helpers.js:52:17
      at node_modules/@testing-library/dom/dist/query-helpers.js:95:19
      at Object.getByText (src/__tests__/register-validation.test.tsx:164:14)

  ● RegisterPage – step 3 (Account Setup) › shows an error when admin name is too short

    TestingLibraryElementError: Unable to find an element with the text: /at least 2 characters/i. This could be because the text is broken up by multiple elements. In this case, you can provide a function for your text matcher to make your matcher more flexible.

    Ignored nodes: comments, script, style
    [36m<body>[39m
      [36m<div>[39m
        [36m<div[39m
          [33mclass[39m=[32m"min-h-screen bg-[var(--bg)] flex flex-col justify-center relative overflow-hidden"[39m
        [36m>[39m
          [36m<div[39m
            [33mclass[39m=[32m"absolute top-[-10%] right-[-10%] w-[40%] h-[40%] bg-[var(--navy-soft)] blur-[120px] rounded-full opacity-50"[39m
          [36m/>[39m
          [36m<div[39m
            [33mclass[39m=[32m"absolute bottom-[-10%] left-[-10%] w-[40%] h-[40%] bg-[var(--green-soft)] blur-[120px] rounded-full opacity-30"[39m
          [36m/>[39m
          [36m<div[39m
            [33mclass[39m=[32m"relative z-10 w-full max-w-lg mx-auto px-4"[39m
          [36m>[39m
            [36m<div[39m
              [33mclass[39m=[32m"mb-4"[39m
            [36m>[39m
              [36m<a[39m
                [33mclass[39m=[32m"inline-flex items-center gap-1.5 text-sm font-medium text-[var(--t3)] hover:text-[var(--primary)] transition-colors"[39m
                [33mhref[39m=[32m"/"[39m
              [36m>[39m
                [36m<span[39m
                  [33maria-hidden[39m=[32m"true"[39m
                  [33mclass[39m=[32m"material-symbols-outlined text-[16px]"[39m
                  [33mstyle[39m=[32m"font-size: 18px; line-height: 1;"[39m
                [36m>[39m
                  [0marrow_back[0m
                [36m</span>[39m
                [0mBack to home[0m
              [36m</a>[39m
            [36m</div>[39m
            [36m<div[39m
              [33mclass[39m=[32m"mb-8"[39m
            [36m>[39m
              [36m<div[39m
                [33mclass[39m=[32m"mb-4"[39m
              [36m>[39m
                [36m<div[39m
                  [33mclass[39m=[32m"inline-flex items-center gap-2 rounded-full border border-[var(--navy)]/10 bg-[var(--navy-soft)] px-4 py-1.5 text-[10px] font-bold uppercase tracking-widest text-[var(--navy)]"[39m
                [36m>[39m
                  [36m<span[39m
                    [33maria-hidden[39m=[32m"true"[39m
                    [33mclass[39m=[32m"material-symbols-outlined text-sm"[39m
                    [33mstyle[39m=[32m"font-size: 18px; line-height: 1;"[39m
                  [36m>[39m
                    [0mschool[0m
                  [36m</span>[39m
                  [0mRegister your school[0m
                [36m</div>[39m
              [36m</div>[39m
              [36m<h1[39m
                [33mclass[39m=[32m"font-['Sora'] text-[30px] font-semibold tracking-[-0.03em] text-[#102341] mb-3"[39m
              [36m>[39m
                [0mStart your school account[0m
              [36m</h1>[39m
              [36m<p[39m
                [33mclass[39m=[32m"text-[15px] leading-6 text-[#53657f] mb-4"[39m
              [36m>[39m
                [0mJoin Uganda's leading school operating system[0m
              [36m</p>[39m
              [36m<p[39m
                [33mclass[39m=[32m"text-sm text-[var(--t3)]"[39m
              [36m>[39m
                [0mAlready have an account?[0m
                [0m [0m
                [36m<a[39m
                  [33mclass[39m=[32m"font-semibold text-[var(--primary)] hover:text-[var(--green)] transition-colors"[39m
                  [33mhref[39m=[32m"/login"[39m
                [36m>[39m
                  [0mSign in[0m
                [36m</a>[39m
              [36m</p>[39m
              [36m<div[39m
                [33mclass[39m=[32m"mt-4"[39m
              [36m>[39m
                [36m<button[39m
                  [33mclass[39m=[32m"font-semibold rounded-xl transition-all duration-200 inline-flex items-center justify-center gap-2 bg-[var(--surface-container)] text-[var(--on-surface)] hover:opacity-80 px-4 py-3 text-sm  w-full"[39m
                  [33mtype[39m=[32m"button"[39m
                [36m>[39m
                  [36m<span[39m
                    [33maria-hidden[39m=[32m"true"[39m
                    [33mclass[39m=[32m"material-symbols-outlined text-lg"[39m
                    [33mstyle[39m=[32m"font-size: 18px; line-height: 1;"[39m
                  [36m>[39m
                    [0maccount_circle[0m
                  [36m</span>[39m
                  [0mContinue with Google[0m
                [36m</button>[39m
              [36m</div>[39m
            [36m</div>[39m
            [36m<div[39m
              [33mclass[39m=[32m"mb-6"[39m
            [36m>[39m
              [36m<div[39m
                [33maria-label[39m=[32m"Registration progress"[39m
                [33mclass[39m=[32m"flex gap-2"[39m
                [33mrole[39m=[32m"navigation"[39m
              [36m>[39m
                [36m<div[39m
                  [33mclass[39m=[32m"h-1.5 flex-1 rounded-full transition-all duration-500 bg-[var(--primary)] shadow-[0_0_12px_rgba(23,50,95,0.4)]"[39m
                [36m/>[39m
                [36m<div[39m
                  [33mclass[39m=[32m"h-1.5 flex-1 rounded-full transition-all duration-500 bg-[var(--primary)] shadow-[0_0_12px_rgba(23,50,95,0.4)]"[39m
                [36m/>[39m
                [36m<div[39m
                  [33mclass[39m=[32m"h-1.5 flex-1 rounded-full transition-all duration-500 bg-[var(--primary)] shadow-[0_0_12px_rgba(23,50,95,0.4)]"[39m
                [36m/>[39m
              [36m</div>[39m
              [36m<p[39m
                [33mclass[39m=[32m"mt-4 text-center text-[10px] font-bold uppercase tracking-widest text-[var(--t3)]"[39m
              [36m>[39m
                [0mStep 3 of 3 — Admin Account[0m
              [36m</p>[39m
            [36m</div>[39m
            [36m<div[39m
              [33mclass[39m=[32m"card-premium p-8 md:p-10 shadow-[0_32px_64px_rgba(15,23,42,0.1)]"[39m
            [36m>[39m
              [36m<form>[39m
                [36m<div[39m
                  [33mclass[39m=[32m"space-y-5"[39m
                [36m>[39m
                  [36m<div[39m
                    [33mstyle[39m=[32m"margin-bottom: 16px;"[39m
                  [36m>[39m
                    [36m<label[39m
                      [33mfor[39m=[32m":r3c:"[39m
                      [33mstyle[39m=[32m"display: block; font-size: 14px; font-weight: 500; color: var(--red); margin-bottom: 6px;"[39m
                    [36m>[39m
                      [0mYour Full Name[0m
                      [36m<span[39m
                        [33mstyle[39m=[32m"color: var(--red); margin-left: 4px;"[39m
                      [36m>[39m
                        [0m*[0m
                      [36m</span>[39m
                    [36m</label>[39m
                    [36m<input[39m
                      [33mautocomplete[39m=[32m"name"[39m
                      [33mid[39m=[32m":r3c:"[39m
                      [33mplaceholder[39m=[32m"e.g. John Mukasa"[39m
                      [33mrequired[39m=[32m""[39m
                      [33mstyle[39m=[32m"width: 100%; padding: 10px 12px; border: 1px solid var(--red); border-radius: 8px; font-size: 14px; color: var(--t1); background: var(--surface); outline: none; transition: border-color 0.15s; min-height: 44px;"[39m
                      [33mtype[39m=[32m"text"[39m
                      [33mvalue[39m=[32m"A"[39m
                    [36m/>[39m
                    [36m<p[39m
                      [33mstyle[39m=[32m"margin-top: 4px; font-size: 12px; color: var(--red); display: flex; align-items: center; gap: 4px;"[39m
                    [36m>[39m
                      [36m<span[39m
                        [33mclass[39m=[32m"material-symbols-outlined"[39m
                        [33mstyle[39m=[32m"font-size: 14px;"[39m
                      [36m>[39m
                        [0merror[0m
                      [36m</span>[39m
                      [0mEnter a valid name (letters only)[0m
                    [36m</p>[39m
                  [36m</div>[39m
                  [36m<div[39m
                    [33mstyle[39m=[32m"margin-bottom: 16px;"[39m
                  [36m>[39m
                    [36m<label[39m
                      [33mfor[39m=[32m":r3d:"[39m
                      [33mstyle[39m=[32m"display: block; font-size: 14px; font-weight: 500; color: var(--red); margin-bottom: 6px;"[39m
                    [36m>[39m
                      [0mYour Phone Number (Login ID)[0m
                      [36m<span[39m
                        [33mstyle[39m=[32m"color: var(--red); margin-left: 4px;"[39m
                      [36m>[39m
                        [0m*[0m
                      [36m</span>[39m
                    [36m</label>[39m
                    [36m<input[39m
                      [33mautocomplete[39m=[32m"tel"[39m
                      [33mid[39m=[32m":r3d:"[39m
                      [33mplaceholder[39m=[32m"e.g. 0700000000"[39m
                      [33mrequired[39m=[32m""[39m
                      [33mstyle[39m=[32m"width: 100%; padding: 10px 12px; border: 1px solid var(--red); border-radius: 8px; font-size: 14px; color: var(--t1); background: var(--surface); outline: none; transition: border-color 0.15s; min-height: 44px;"[39m
                      [33mtype[39m=[32m"tel"[39m
                      [33mvalue[39m=[32m""[39m
                    [36m/>[39m
                    [36m<p[39m
                      [33mstyle[39m=[32m"margin-top: 4px; font-size: 12px; color: var(--red); display: flex; align-items: center; gap: 4px;"[39m
                    [36m>[39m
                      [36m<span[39m
                        [33mclass[39m=[32m"material-symbols-outlined"[39m
                        [33mstyle[39m=[32m"font-size: 14px;"[39m
                      [36m>[39m
                        [0merror[0m
                      [36m</span>[39m
                      [0mEnter a valid phone number[0m
                    [36m</p>[39m
                  [36m</div>[39m
                  [36m<div[39m
                    [33mstyle[39m=[32m"margin-bottom: 16px;"[39m
                  [36m>[39m
                    [36m<label[39m
                      [33mfor[39m=[32m":r3e:"[39m
                      [33mstyle[39m=[32m"display: block; font-size: 14px; font-weight: 500; color: var(--red); margin-bottom: 6px;"[39m
                    [36m>[39m
                      [0mPassword[0m
                      [36m<span[39m
                        [33mstyle[39m=[32m"color: var(--red); margin-left: 4px;"[39m
                      [36m>[39m
                        [0m*[0m
                      [36m</span>[39m
                    [36m</label>[39m
                    [36m<input[39m
                      [33mautocomplete[39m=[32m"new-password"[39m
                      [33mid[39m=[32m":r3e:"[39m
                      [33mminlength[39m=[32m"6"[39m
                      [33mplaceholder[39m=[32m"Min 8 characters"[39m
                      [33mrequired[39m=[32m""[39m
                      [33mstyle[39m=[32m"width: 100%; padding: 10px 12px; border: 1px solid var(--red); border-radius: 8px; font-size: 14px; color: var(--t1); background: var(--surface); outline: none; transition: border-color 0.15s; min-height: 44px;"[39m
                      [33mtype[39m=[32m"password"[39m
                      [33mvalue[39m=[32m""[39m
                    [36m/>[39m
                    [36m<p[39m
                      [33mstyle[39m=[32m"margin-top: 4px; font-size: 12px; color: var(--red); display: flex; align-items: center; gap: 4px;"[39m
                    [36m>[39m
                      [36m<span[39m
                        [33mclass[39m=[32m"material-symbols-outlined"[39m
                        [33mstyle[39m=[32m"font-size: 14px;"[39m
                      [36m>[39m
                        [0merror[0m
                      [36m</span>[39m
                      [0mpassword is required[0m
                    [36m</p>[39m
                  [36m</div>[39m
                  [36m<div[39m
                    [33mclass[39m=[32m"space-y-1"[39m
                  [36m>[39m
                    [36m<label[39m
                      [33mclass[39m=[32m"block text-sm font-medium text-[var(--on-surface)]"[39m
                      [33mfor[39m=[32m":r3f:"[39m
                    [36m>[39m
                      [0mConfirm Password[0m
                    [36m</label>[39m
                    [36m<input[39m
                      [33mautocomplete[39m=[32m"new-password"[39m
                      [33mclass[39m=[32m"w-full px-4 py-3 rounded-xl border border-[var(--border)] bg-[var(--surface)] text-[var(--on-surface)] placeholder-[var(--t4)] focus:outline-none focus:ring-2 focus:ring-[var(--primary)]/20 focus:border-[var(--primary)] transition-colors    text-base"[39m
                      [33mid[39m=[32m":r3f:"[39m
                      [33mplaceholder[39m=[32m"Enter password again"[39m
                      [33mrequired[39m=[32m""[39m
                      [33mtype[39m=[32m"password"[39m
                      [33mvalue[39m=[32m""[39m
                    [36m/>[39m
                  [36m</div>[39m
                  [36m<div[39m
                    [33mclass[39m=[32m"flex gap-3"[39m
                  [36m>[39m
                    [36m<button[39m
                      [33mclass[39m=[32m"font-semibold rounded-xl transition-all duration-200 inline-flex items-center justify-center gap-2 bg-[var(--surface-container)] text-[var(--on-surface)] hover:opacity-80 px-4 py-3 text-sm  flex-1"[39m
                      [33mtype[39m=[32m"button"[39m
                    [36m>[39m
                      [36m<span[39m
                        [33maria-hidden[39m=[32m"true"[39m
                        [33mclass[39m=[32m"material-symbols-outlined text-lg"[39m
                        [33mstyle[39m=[32m"font-size: 18px; line-height: 1;"[39m
                      [36m>[39m
                        [0marrow_back[0m
                      [36m</span>[39m
                      [0mBack[0m
                    [36m</button>[39m
                    [36m<button[39m
                      [33mclass[39m=[32m"font-semibold rounded-xl transition-all duration-200 inline-flex items-center justify-center gap-2 bg-[var(--primary)] text-[var(--on-primary)] hover:opacity-90 shadow-sm px-4 py-3 text-sm  flex-1"[39m
                      [33mtype[39m=[32m"submit"[39m
                    [36m>[39m
                      [36m<span[39m
                        [33maria-hidden[39m=[32m"true"[39m
                        [33mclass[39m=[32m"material-symbols-outlined text-lg"[39m
                        [33mstyle[39m=[32m"font-size: 18px; line-height: 1;"[39m
                      [36m>[39m
                        [0mcheck[0m
                      [36m</span>[39m
                      [0mFinish & Start Using[0m
                    [36m</button>[39m
                  [36m</div>[39m
                [36m</div>[39m
              [36m</form>[39m
            [36m</div>[39m
          [36m</div>[39m
        [36m</div>[39m
      [36m</div>[39m
    [36m</body>[39m

      173 |     submitStep3();
      174 |     expect(
    > 175 |       screen.getByText(/at least 2 characters/i),
          |              ^
      176 |     ).toBeInTheDocument();
      177 |   });
      178 |

      at Object.getElementError (node_modules/@testing-library/dom/dist/config.js:37:19)
      at node_modules/@testing-library/dom/dist/query-helpers.js:76:38
      at node_modules/@testing-library/dom/dist/query-helpers.js:52:17
      at node_modules/@testing-library/dom/dist/query-helpers.js:95:19
      at Object.getByText (src/__tests__/register-validation.test.tsx:175:14)

  ● RegisterPage – step 3 (Account Setup) › shows an error when admin phone is missing

    TestingLibraryElementError: Unable to find an element with the text: /admin phone is required/i. This could be because the text is broken up by multiple elements. In this case, you can provide a function for your text matcher to make your matcher more flexible.

    Ignored nodes: comments, script, style
    [36m<body>[39m
      [36m<div>[39m
        [36m<div[39m
          [33mclass[39m=[32m"min-h-screen bg-[var(--bg)] flex flex-col justify-center relative overflow-hidden"[39m
        [36m>[39m
          [36m<div[39m
            [33mclass[39m=[32m"absolute top-[-10%] right-[-10%] w-[40%] h-[40%] bg-[var(--navy-soft)] blur-[120px] rounded-full opacity-50"[39m
          [36m/>[39m
          [36m<div[39m
            [33mclass[39m=[32m"absolute bottom-[-10%] left-[-10%] w-[40%] h-[40%] bg-[var(--green-soft)] blur-[120px] rounded-full opacity-30"[39m
          [36m/>[39m
          [36m<div[39m
            [33mclass[39m=[32m"relative z-10 w-full max-w-lg mx-auto px-4"[39m
          [36m>[39m
            [36m<div[39m
              [33mclass[39m=[32m"mb-4"[39m
            [36m>[39m
              [36m<a[39m
                [33mclass[39m=[32m"inline-flex items-center gap-1.5 text-sm font-medium text-[var(--t3)] hover:text-[var(--primary)] transition-colors"[39m
                [33mhref[39m=[32m"/"[39m
              [36m>[39m
                [36m<span[39m
                  [33maria-hidden[39m=[32m"true"[39m
                  [33mclass[39m=[32m"material-symbols-outlined text-[16px]"[39m
                  [33mstyle[39m=[32m"font-size: 18px; line-height: 1;"[39m
                [36m>[39m
                  [0marrow_back[0m
                [36m</span>[39m
                [0mBack to home[0m
              [36m</a>[39m
            [36m</div>[39m
            [36m<div[39m
              [33mclass[39m=[32m"mb-8"[39m
            [36m>[39m
              [36m<div[39m
                [33mclass[39m=[32m"mb-4"[39m
              [36m>[39m
                [36m<div[39m
                  [33mclass[39m=[32m"inline-flex items-center gap-2 rounded-full border border-[var(--navy)]/10 bg-[var(--navy-soft)] px-4 py-1.5 text-[10px] font-bold uppercase tracking-widest text-[var(--navy)]"[39m
                [36m>[39m
                  [36m<span[39m
                    [33maria-hidden[39m=[32m"true"[39m
                    [33mclass[39m=[32m"material-symbols-outlined text-sm"[39m
                    [33mstyle[39m=[32m"font-size: 18px; line-height: 1;"[39m
                  [36m>[39m
                    [0mschool[0m
                  [36m</span>[39m
                  [0mRegister your school[0m
                [36m</div>[39m
              [36m</div>[39m
              [36m<h1[39m
                [33mclass[39m=[32m"font-['Sora'] text-[30px] font-semibold tracking-[-0.03em] text-[#102341] mb-3"[39m
              [36m>[39m
                [0mStart your school account[0m
              [36m</h1>[39m
              [36m<p[39m
                [33mclass[39m=[32m"text-[15px] leading-6 text-[#53657f] mb-4"[39m
              [36m>[39m
                [0mJoin Uganda's leading school operating system[0m
              [36m</p>[39m
              [36m<p[39m
                [33mclass[39m=[32m"text-sm text-[var(--t3)]"[39m
              [36m>[39m
                [0mAlready have an account?[0m
                [0m [0m
                [36m<a[39m
                  [33mclass[39m=[32m"font-semibold text-[var(--primary)] hover:text-[var(--green)] transition-colors"[39m
                  [33mhref[39m=[32m"/login"[39m
                [36m>[39m
                  [0mSign in[0m
                [36m</a>[39m
              [36m</p>[39m
              [36m<div[39m
                [33mclass[39m=[32m"mt-4"[39m
              [36m>[39m
                [36m<button[39m
                  [33mclass[39m=[32m"font-semibold rounded-xl transition-all duration-200 inline-flex items-center justify-center gap-2 bg-[var(--surface-container)] text-[var(--on-surface)] hover:opacity-80 px-4 py-3 text-sm  w-full"[39m
                  [33mtype[39m=[32m"button"[39m
                [36m>[39m
                  [36m<span[39m
                    [33maria-hidden[39m=[32m"true"[39m
                    [33mclass[39m=[32m"material-symbols-outlined text-lg"[39m
                    [33mstyle[39m=[32m"font-size: 18px; line-height: 1;"[39m
                  [36m>[39m
                    [0maccount_circle[0m
                  [36m</span>[39m
                  [0mContinue with Google[0m
                [36m</button>[39m
              [36m</div>[39m
            [36m</div>[39m
            [36m<div[39m
              [33mclass[39m=[32m"mb-6"[39m
            [36m>[39m
              [36m<div[39m
                [33maria-label[39m=[32m"Registration progress"[39m
                [33mclass[39m=[32m"flex gap-2"[39m
                [33mrole[39m=[32m"navigation"[39m
              [36m>[39m
                [36m<div[39m
                  [33mclass[39m=[32m"h-1.5 flex-1 rounded-full transition-all duration-500 bg-[var(--primary)] shadow-[0_0_12px_rgba(23,50,95,0.4)]"[39m
                [36m/>[39m
                [36m<div[39m
                  [33mclass[39m=[32m"h-1.5 flex-1 rounded-full transition-all duration-500 bg-[var(--primary)] shadow-[0_0_12px_rgba(23,50,95,0.4)]"[39m
                [36m/>[39m
                [36m<div[39m
                  [33mclass[39m=[32m"h-1.5 flex-1 rounded-full transition-all duration-500 bg-[var(--primary)] shadow-[0_0_12px_rgba(23,50,95,0.4)]"[39m
                [36m/>[39m
              [36m</div>[39m
              [36m<p[39m
                [33mclass[39m=[32m"mt-4 text-center text-[10px] font-bold uppercase tracking-widest text-[var(--t3)]"[39m
              [36m>[39m
                [0mStep 3 of 3 — Admin Account[0m
              [36m</p>[39m
            [36m</div>[39m
            [36m<div[39m
              [33mclass[39m=[32m"card-premium p-8 md:p-10 shadow-[0_32px_64px_rgba(15,23,42,0.1)]"[39m
            [36m>[39m
              [36m<form>[39m
                [36m<div[39m
                  [33mclass[39m=[32m"space-y-5"[39m
                [36m>[39m
                  [36m<div[39m
                    [33mstyle[39m=[32m"margin-bottom: 16px;"[39m
                  [36m>[39m
                    [36m<label[39m
                      [33mfor[39m=[32m":r3p:"[39m
                      [33mstyle[39m=[32m"display: block; font-size: 14px; font-weight: 500; color: var(--t2); margin-bottom: 6px;"[39m
                    [36m>[39m
                      [0mYour Full Name[0m
                      [36m<span[39m
                        [33mstyle[39m=[32m"color: var(--red); margin-left: 4px;"[39m
                      [36m>[39m
                        [0m*[0m
                      [36m</span>[39m
                    [36m</label>[39m
                    [36m<input[39m
                      [33mautocomplete[39m=[32m"name"[39m
                      [33mid[39m=[32m":r3p:"[39m
                      [33mplaceholder[39m=[32m"e.g. John Mukasa"[39m
                      [33mrequired[39m=[32m""[39m
                      [33mstyle[39m=[32m"width: 100%; padding: 10px 12px; border: 1px solid var(--border); border-radius: 8px; font-size: 14px; color: var(--t1); background: var(--surface); outline: none; transition: border-color 0.15s; min-height: 44px;"[39m
                      [33mtype[39m=[32m"text"[39m
                      [33mvalue[39m=[32m"John Admin"[39m
                    [36m/>[39m
                  [36m</div>[39m
                  [36m<div[39m
                    [33mstyle[39m=[32m"margin-bottom: 16px;"[39m
                  [36m>[39m
                    [36m<label[39m
                      [33mfor[39m=[32m":r3q:"[39m
                      [33mstyle[39m=[32m"display: block; font-size: 14px; font-weight: 500; color: var(--red); margin-bottom: 6px;"[39m
                    [36m>[39m
                      [0mYour Phone Number (Login ID)[0m
                      [36m<span[39m
                        [33mstyle[39m=[32m"color: var(--red); margin-left: 4px;"[39m
                      [36m>[39m
                        [0m*[0m
                      [36m</span>[39m
                    [36m</label>[39m
                    [36m<input[39m
                      [33mautocomplete[39m=[32m"tel"[39m
                      [33mid[39m=[32m":r3q:"[39m
                      [33mplaceholder[39m=[32m"e.g. 0700000000"[39m
                      [33mrequired[39m=[32m""[39m
                      [33mstyle[39m=[32m"width: 100%; padding: 10px 12px; border: 1px solid var(--red); border-radius: 8px; font-size: 14px; color: var(--t1); background: var(--surface); outline: none; transition: border-color 0.15s; min-height: 44px;"[39m
                      [33mtype[39m=[32m"tel"[39m
                      [33mvalue[39m=[32m""[39m
                    [36m/>[39m
                    [36m<p[39m
                      [33mstyle[39m=[32m"margin-top: 4px; font-size: 12px; color: var(--red); display: flex; align-items: center; gap: 4px;"[39m
                    [36m>[39m
                      [36m<span[39m
                        [33mclass[39m=[32m"material-symbols-outlined"[39m
                        [33mstyle[39m=[32m"font-size: 14px;"[39m
                      [36m>[39m
                        [0merror[0m
                      [36m</span>[39m
                      [0mEnter a valid phone number[0m
                    [36m</p>[39m
                  [36m</div>[39m
                  [36m<div[39m
                    [33mstyle[39m=[32m"margin-bottom: 16px;"[39m
                  [36m>[39m
                    [36m<label[39m
                      [33mfor[39m=[32m":r3r:"[39m
                      [33mstyle[39m=[32m"display: block; font-size: 14px; font-weight: 500; color: var(--red); margin-bottom: 6px;"[39m
                    [36m>[39m
                      [0mPassword[0m
                      [36m<span[39m
                        [33mstyle[39m=[32m"color: var(--red); margin-left: 4px;"[39m
                      [36m>[39m
                        [0m*[0m
                      [36m</span>[39m
                    [36m</label>[39m
                    [36m<input[39m
                      [33mautocomplete[39m=[32m"new-password"[39m
                      [33mid[39m=[32m":r3r:"[39m
                      [33mminlength[39m=[32m"6"[39m
                      [33mplaceholder[39m=[32m"Min 8 characters"[39m
                      [33mrequired[39m=[32m""[39m
                      [33mstyle[39m=[32m"width: 100%; padding: 10px 12px; border: 1px solid var(--red); border-radius: 8px; font-size: 14px; color: var(--t1); background: var(--surface); outline: none; transition: border-color 0.15s; min-height: 44px;"[39m
                      [33mtype[39m=[32m"password"[39m
                      [33mvalue[39m=[32m""[39m
                    [36m/>[39m
                    [36m<p[39m
                      [33mstyle[39m=[32m"margin-top: 4px; font-size: 12px; color: var(--red); display: flex; align-items: center; gap: 4px;"[39m
                    [36m>[39m
                      [36m<span[39m
                        [33mclass[39m=[32m"material-symbols-outlined"[39m
                        [33mstyle[39m=[32m"font-size: 14px;"[39m
                      [36m>[39m
                        [0merror[0m
                      [36m</span>[39m
                      [0mpassword is required[0m
                    [36m</p>[39m
                  [36m</div>[39m
                  [36m<div[39m
                    [33mclass[39m=[32m"space-y-1"[39m
                  [36m>[39m
                    [36m<label[39m
                      [33mclass[39m=[32m"block text-sm font-medium text-[var(--on-surface)]"[39m
                      [33mfor[39m=[32m":r3s:"[39m
                    [36m>[39m
                      [0mConfirm Password[0m
                    [36m</label>[39m
                    [36m<input[39m
                      [33mautocomplete[39m=[32m"new-password"[39m
                      [33mclass[39m=[32m"w-full px-4 py-3 rounded-xl border border-[var(--border)] bg-[var(--surface)] text-[var(--on-surface)] placeholder-[var(--t4)] focus:outline-none focus:ring-2 focus:ring-[var(--primary)]/20 focus:border-[var(--primary)] transition-colors    text-base"[39m
                      [33mid[39m=[32m":r3s:"[39m
                      [33mplaceholder[39m=[32m"Enter password again"[39m
                      [33mrequired[39m=[32m""[39m
                      [33mtype[39m=[32m"password"[39m
                      [33mvalue[39m=[32m""[39m
                    [36m/>[39m
                  [36m</div>[39m
                  [36m<div[39m
                    [33mclass[39m=[32m"flex gap-3"[39m
                  [36m>[39m
                    [36m<button[39m
                      [33mclass[39m=[32m"font-semibold rounded-xl transition-all duration-200 inline-flex items-center justify-center gap-2 bg-[var(--surface-container)] text-[var(--on-surface)] hover:opacity-80 px-4 py-3 text-sm  flex-1"[39m
                      [33mtype[39m=[32m"button"[39m
                    [36m>[39m
                      [36m<span[39m
                        [33maria-hidden[39m=[32m"true"[39m
                        [33mclass[39m=[32m"material-symbols-outlined text-lg"[39m
                        [33mstyle[39m=[32m"font-size: 18px; line-height: 1;"[39m
                      [36m>[39m
                        [0marrow_back[0m
                      [36m</span>[39m
                      [0mBack[0m
                    [36m</button>[39m
                    [36m<button[39m
                      [33mclass[39m=[32m"font-semibold rounded-xl transition-all duration-200 inline-flex items-center justify-center gap-2 bg-[var(--primary)] text-[var(--on-primary)] hover:opacity-90 shadow-sm px-4 py-3 text-sm  flex-1"[39m
                      [33mtype[39m=[32m"submit"[39m
                    [36m>[39m
                      [36m<span[39m
                        [33maria-hidden[39m=[32m"true"[39m
                        [33mclass[39m=[32m"material-symbols-outlined text-lg"[39m
                        [33mstyle[39m=[32m"font-size: 18px; line-height: 1;"[39m
                      [36m>[39m
                        [0mcheck[0m
                      [36m</span>[39m
                      [0mFinish & Start Using[0m
                    [36m</button>[39m
                  [36m</div>[39m
                [36m</div>[39m
              [36m</form>[39m
            [36m</div>[39m
          [36m</div>[39m
        [36m</div>[39m
      [36m</div>[39m
    [36m</body>[39m

      184 |     submitStep3();
      185 |     expect(
    > 186 |       screen.getByText(/admin phone is required/i),
          |              ^
      187 |     ).toBeInTheDocument();
      188 |   });
      189 |

      at Object.getElementError (node_modules/@testing-library/dom/dist/config.js:37:19)
      at node_modules/@testing-library/dom/dist/query-helpers.js:76:38
      at node_modules/@testing-library/dom/dist/query-helpers.js:52:17
      at node_modules/@testing-library/dom/dist/query-helpers.js:95:19
      at Object.getByText (src/__tests__/register-validation.test.tsx:186:14)

Test Suites: 1 failed, 1 total
Tests:       3 failed, 15 passed, 18 total
Snapshots:   0 total
Time:        2.966 s, estimated 3 s
Ran all test suites matching src/__tests__/register-validation.test.tsx.
Force exiting Jest: Have you considered using `--detectOpenHandles` to detect async operations that kept running after all tests finished?
